// Jest Snapshot v1, https://goo.gl/fbAQLP

exports[`should edit members 1`] = `
<React.Fragment>
  <ButtonIcon
    className="button-small"
    onClick={[Function]}
  >
    <BulletListIcon />
  </ButtonIcon>
</React.Fragment>
`;

exports[`should edit members 2`] = `
<React.Fragment>
  <ButtonIcon
    className="button-small"
    onClick={[Function]}
  >
    <BulletListIcon />
  </ButtonIcon>
  <Modal
    contentLabel="users.update"
    onRequestClose={[Function]}
  >
    <header
      className="modal-head"
    >
      <h2>
        users.update
      </h2>
    </header>
    <div
      className="modal-body"
    >
      <SelectList
        elements={Array []}
        onSearch={[Function]}
        onSelect={[Function]}
        onUnselect={[Function]}
        renderElement={[Function]}
        selectedElements={Array []}
      />
    </div>
    <footer
      className="modal-foot"
    >
      <ResetButtonLink
        onClick={[Function]}
      >
        Done
      </ResetButtonLink>
    </footer>
  </Modal>
</React.Fragment>
`;

exports[`should edit members 3`] = `
<React.Fragment>
  <ButtonIcon
    className="button-small"
    onClick={[Function]}
  >
    <BulletListIcon />
  </ButtonIcon>
</React.Fragment>
`;
